// Jest Snapshot v1, https://jestjs.io/docs/snapshot-testing

exports[`Slider matches snapshot 1`] = `
<div>
  <div
    class="w-full py-6 sm:py-8"
  >
    <div
      class="relative w-full overflow-hidden"
      style="mask-image: linear-gradient(90deg, transparent, black 10%, black 90%, transparent);"
    >
      <div
        class="flex w-max"
      >
        <div
          class="flex items-center gap-10 sm:gap-14 md:gap-16 whitespace-nowrap will-change-transform animate-[marquee-rtl_28s_linear_infinite]"
        >
          <div
            class="relative scale-75 h-8 sm:h-10 md:h-12 w-[110px] sm:w-[140px] md:w-[160px] opacity-80 transition-opacity hover:opacity-100 mr-16"
          >
            <img
              alt="brand-1"
              class="object-contain"
              data-nimg="fill"
              decoding="async"
              loading="lazy"
              sizes="(max-width: 640px) 110px, (max-width: 768px) 140px, 160px"
              src="/_next/image?url=%2Fslide_1.webp&w=3840&q=75"
              srcset="/_next/image?url=%2Fslide_1.webp&w=16&q=75 16w, /_next/image?url=%2Fslide_1.webp&w=32&q=75 32w, /_next/image?url=%2Fslide_1.webp&w=48&q=75 48w, /_next/image?url=%2Fslide_1.webp&w=64&q=75 64w, /_next/image?url=%2Fslide_1.webp&w=96&q=75 96w, /_next/image?url=%2Fslide_1.webp&w=128&q=75 128w, /_next/image?url=%2Fslide_1.webp&w=256&q=75 256w, /_next/image?url=%2Fslide_1.webp&w=384&q=75 384w, /_next/image?url=%2Fslide_1.webp&w=640&q=75 640w, /_next/image?url=%2Fslide_1.webp&w=750&q=75 750w, /_next/image?url=%2Fslide_1.webp&w=828&q=75 828w, /_next/image?url=%2Fslide_1.webp&w=1080&q=75 1080w, /_next/image?url=%2Fslide_1.webp&w=1200&q=75 1200w, /_next/image?url=%2Fslide_1.webp&w=1920&q=75 1920w, /_next/image?url=%2Fslide_1.webp&w=2048&q=75 2048w, /_next/image?url=%2Fslide_1.webp&w=3840&q=75 3840w"
              style="position: absolute; height: 100%; width: 100%; left: 0px; top: 0px; right: 0px; bottom: 0px; color: transparent;"
            />
          </div>
          <div
            class="relative scale-75 h-8 sm:h-10 md:h-12 w-[110px] sm:w-[140px] md:w-[160px] opacity-80 transition-opacity hover:opacity-100 mr-16"
          >
            <img
              alt="brand-2"
              class="object-contain"
              data-nimg="fill"
              decoding="async"
              loading="lazy"
              sizes="(max-width: 640px) 110px, (max-width: 768px) 140px, 160px"
              src="/_next/image?url=%2Fslide_2.png&w=3840&q=75"
              srcset="/_next/image?url=%2Fslide_2.png&w=16&q=75 16w, /_next/image?url=%2Fslide_2.png&w=32&q=75 32w, /_next/image?url=%2Fslide_2.png&w=48&q=75 48w, /_next/image?url=%2Fslide_2.png&w=64&q=75 64w, /_next/image?url=%2Fslide_2.png&w=96&q=75 96w, /_next/image?url=%2Fslide_2.png&w=128&q=75 128w, /_next/image?url=%2Fslide_2.png&w=256&q=75 256w, /_next/image?url=%2Fslide_2.png&w=384&q=75 384w, /_next/image?url=%2Fslide_2.png&w=640&q=75 640w, /_next/image?url=%2Fslide_2.png&w=750&q=75 750w, /_next/image?url=%2Fslide_2.png&w=828&q=75 828w, /_next/image?url=%2Fslide_2.png&w=1080&q=75 1080w, /_next/image?url=%2Fslide_2.png&w=1200&q=75 1200w, /_next/image?url=%2Fslide_2.png&w=1920&q=75 1920w, /_next/image?url=%2Fslide_2.png&w=2048&q=75 2048w, /_next/image?url=%2Fslide_2.png&w=3840&q=75 3840w"
              style="position: absolute; height: 100%; width: 100%; left: 0px; top: 0px; right: 0px; bottom: 0px; color: transparent;"
            />
          </div>
          <div
            class="relative scale-75 h-8 sm:h-10 md:h-12 w-[110px] sm:w-[140px] md:w-[160px] opacity-80 transition-opacity hover:opacity-100 mr-16"
          >
            <img
              alt="brand-3"
              class="object-contain"
              data-nimg="fill"
              decoding="async"
              loading="lazy"
              sizes="(max-width: 640px) 110px, (max-width: 768px) 140px, 160px"
              src="/_next/image?url=%2Fslide_1.webp&w=3840&q=75"
              srcset="/_next/image?url=%2Fslide_1.webp&w=16&q=75 16w, /_next/image?url=%2Fslide_1.webp&w=32&q=75 32w, /_next/image?url=%2Fslide_1.webp&w=48&q=75 48w, /_next/image?url=%2Fslide_1.webp&w=64&q=75 64w, /_next/image?url=%2Fslide_1.webp&w=96&q=75 96w, /_next/image?url=%2Fslide_1.webp&w=128&q=75 128w, /_next/image?url=%2Fslide_1.webp&w=256&q=75 256w, /_next/image?url=%2Fslide_1.webp&w=384&q=75 384w, /_next/image?url=%2Fslide_1.webp&w=640&q=75 640w, /_next/image?url=%2Fslide_1.webp&w=750&q=75 750w, /_next/image?url=%2Fslide_1.webp&w=828&q=75 828w, /_next/image?url=%2Fslide_1.webp&w=1080&q=75 1080w, /_next/image?url=%2Fslide_1.webp&w=1200&q=75 1200w, /_next/image?url=%2Fslide_1.webp&w=1920&q=75 1920w, /_next/image?url=%2Fslide_1.webp&w=2048&q=75 2048w, /_next/image?url=%2Fslide_1.webp&w=3840&q=75 3840w"
              style="position: absolute; height: 100%; width: 100%; left: 0px; top: 0px; right: 0px; bottom: 0px; color: transparent;"
            />
          </div>
          <div
            class="relative scale-75 h-8 sm:h-10 md:h-12 w-[110px] sm:w-[140px] md:w-[160px] opacity-80 transition-opacity hover:opacity-100 mr-16"
          >
            <img
              alt="brand-4"
              class="object-contain"
              data-nimg="fill"
              decoding="async"
              loading="lazy"
              sizes="(max-width: 640px) 110px, (max-width: 768px) 140px, 160px"
              src="/_next/image?url=%2Fslide_1.webp&w=3840&q=75"
              srcset="/_next/image?url=%2Fslide_1.webp&w=16&q=75 16w, /_next/image?url=%2Fslide_1.webp&w=32&q=75 32w, /_next/image?url=%2Fslide_1.webp&w=48&q=75 48w, /_next/image?url=%2Fslide_1.webp&w=64&q=75 64w, /_next/image?url=%2Fslide_1.webp&w=96&q=75 96w, /_next/image?url=%2Fslide_1.webp&w=128&q=75 128w, /_next/image?url=%2Fslide_1.webp&w=256&q=75 256w, /_next/image?url=%2Fslide_1.webp&w=384&q=75 384w, /_next/image?url=%2Fslide_1.webp&w=640&q=75 640w, /_next/image?url=%2Fslide_1.webp&w=750&q=75 750w, /_next/image?url=%2Fslide_1.webp&w=828&q=75 828w, /_next/image?url=%2Fslide_1.webp&w=1080&q=75 1080w, /_next/image?url=%2Fslide_1.webp&w=1200&q=75 1200w, /_next/image?url=%2Fslide_1.webp&w=1920&q=75 1920w, /_next/image?url=%2Fslide_1.webp&w=2048&q=75 2048w, /_next/image?url=%2Fslide_1.webp&w=3840&q=75 3840w"
              style="position: absolute; height: 100%; width: 100%; left: 0px; top: 0px; right: 0px; bottom: 0px; color: transparent;"
            />
          </div>
          <div
            class="relative scale-75 h-8 sm:h-10 md:h-12 w-[110px] sm:w-[140px] md:w-[160px] opacity-80 transition-opacity hover:opacity-100 mr-16"
          >
            <img
              alt="brand-5"
              class="object-contain"
              data-nimg="fill"
              decoding="async"
              loading="lazy"
              sizes="(max-width: 640px) 110px, (max-width: 768px) 140px, 160px"
              src="/_next/image?url=%2Fslide_1.webp&w=3840&q=75"
              srcset="/_next/image?url=%2Fslide_1.webp&w=16&q=75 16w, /_next/image?url=%2Fslide_1.webp&w=32&q=75 32w, /_next/image?url=%2Fslide_1.webp&w=48&q=75 48w, /_next/image?url=%2Fslide_1.webp&w=64&q=75 64w, /_next/image?url=%2Fslide_1.webp&w=96&q=75 96w, /_next/image?url=%2Fslide_1.webp&w=128&q=75 128w, /_next/image?url=%2Fslide_1.webp&w=256&q=75 256w, /_next/image?url=%2Fslide_1.webp&w=384&q=75 384w, /_next/image?url=%2Fslide_1.webp&w=640&q=75 640w, /_next/image?url=%2Fslide_1.webp&w=750&q=75 750w, /_next/image?url=%2Fslide_1.webp&w=828&q=75 828w, /_next/image?url=%2Fslide_1.webp&w=1080&q=75 1080w, /_next/image?url=%2Fslide_1.webp&w=1200&q=75 1200w, /_next/image?url=%2Fslide_1.webp&w=1920&q=75 1920w, /_next/image?url=%2Fslide_1.webp&w=2048&q=75 2048w, /_next/image?url=%2Fslide_1.webp&w=3840&q=75 3840w"
              style="position: absolute; height: 100%; width: 100%; left: 0px; top: 0px; right: 0px; bottom: 0px; color: transparent;"
            />
          </div>
          <div
            class="relative scale-75 h-8 sm:h-10 md:h-12 w-[110px] sm:w-[140px] md:w-[160px] opacity-80 transition-opacity hover:opacity-100 mr-16"
          >
            <img
              alt="brand-6"
              class="object-contain"
              data-nimg="fill"
              decoding="async"
              loading="lazy"
              sizes="(max-width: 640px) 110px, (max-width: 768px) 140px, 160px"
              src="/_next/image?url=%2Fslide_1.webp&w=3840&q=75"
              srcset="/_next/image?url=%2Fslide_1.webp&w=16&q=75 16w, /_next/image?url=%2Fslide_1.webp&w=32&q=75 32w, /_next/image?url=%2Fslide_1.webp&w=48&q=75 48w, /_next/image?url=%2Fslide_1.webp&w=64&q=75 64w, /_next/image?url=%2Fslide_1.webp&w=96&q=75 96w, /_next/image?url=%2Fslide_1.webp&w=128&q=75 128w, /_next/image?url=%2Fslide_1.webp&w=256&q=75 256w, /_next/image?url=%2Fslide_1.webp&w=384&q=75 384w, /_next/image?url=%2Fslide_1.webp&w=640&q=75 640w, /_next/image?url=%2Fslide_1.webp&w=750&q=75 750w, /_next/image?url=%2Fslide_1.webp&w=828&q=75 828w, /_next/image?url=%2Fslide_1.webp&w=1080&q=75 1080w, /_next/image?url=%2Fslide_1.webp&w=1200&q=75 1200w, /_next/image?url=%2Fslide_1.webp&w=1920&q=75 1920w, /_next/image?url=%2Fslide_1.webp&w=2048&q=75 2048w, /_next/image?url=%2Fslide_1.webp&w=3840&q=75 3840w"
              style="position: absolute; height: 100%; width: 100%; left: 0px; top: 0px; right: 0px; bottom: 0px; color: transparent;"
            />
          </div>
          <div
            class="relative scale-75 h-8 sm:h-10 md:h-12 w-[110px] sm:w-[140px] md:w-[160px] opacity-80 transition-opacity hover:opacity-100 mr-16"
          >
            <img
              alt="brand-7"
              class="object-contain"
              data-nimg="fill"
              decoding="async"
              loading="lazy"
              sizes="(max-width: 640px) 110px, (max-width: 768px) 140px, 160px"
              src="/_next/image?url=%2Fslide_1.webp&w=3840&q=75"
              srcset="/_next/image?url=%2Fslide_1.webp&w=16&q=75 16w, /_next/image?url=%2Fslide_1.webp&w=32&q=75 32w, /_next/image?url=%2Fslide_1.webp&w=48&q=75 48w, /_next/image?url=%2Fslide_1.webp&w=64&q=75 64w, /_next/image?url=%2Fslide_1.webp&w=96&q=75 96w, /_next/image?url=%2Fslide_1.webp&w=128&q=75 128w, /_next/image?url=%2Fslide_1.webp&w=256&q=75 256w, /_next/image?url=%2Fslide_1.webp&w=384&q=75 384w, /_next/image?url=%2Fslide_1.webp&w=640&q=75 640w, /_next/image?url=%2Fslide_1.webp&w=750&q=75 750w, /_next/image?url=%2Fslide_1.webp&w=828&q=75 828w, /_next/image?url=%2Fslide_1.webp&w=1080&q=75 1080w, /_next/image?url=%2Fslide_1.webp&w=1200&q=75 1200w, /_next/image?url=%2Fslide_1.webp&w=1920&q=75 1920w, /_next/image?url=%2Fslide_1.webp&w=2048&q=75 2048w, /_next/image?url=%2Fslide_1.webp&w=3840&q=75 3840w"
              style="position: absolute; height: 100%; width: 100%; left: 0px; top: 0px; right: 0px; bottom: 0px; color: transparent;"
            />
          </div>
          <div
            class="relative scale-75 h-8 sm:h-10 md:h-12 w-[110px] sm:w-[140px] md:w-[160px] opacity-80 transition-opacity hover:opacity-100 mr-16"
          >
            <img
              alt="brand-8"
              class="object-contain"
              data-nimg="fill"
              decoding="async"
              loading="lazy"
              sizes="(max-width: 640px) 110px, (max-width: 768px) 140px, 160px"
              src="/_next/image?url=%2Fslide_1.webp&w=3840&q=75"
              srcset="/_next/image?url=%2Fslide_1.webp&w=16&q=75 16w, /_next/image?url=%2Fslide_1.webp&w=32&q=75 32w, /_next/image?url=%2Fslide_1.webp&w=48&q=75 48w, /_next/image?url=%2Fslide_1.webp&w=64&q=75 64w, /_next/image?url=%2Fslide_1.webp&w=96&q=75 96w, /_next/image?url=%2Fslide_1.webp&w=128&q=75 128w, /_next/image?url=%2Fslide_1.webp&w=256&q=75 256w, /_next/image?url=%2Fslide_1.webp&w=384&q=75 384w, /_next/image?url=%2Fslide_1.webp&w=640&q=75 640w, /_next/image?url=%2Fslide_1.webp&w=750&q=75 750w, /_next/image?url=%2Fslide_1.webp&w=828&q=75 828w, /_next/image?url=%2Fslide_1.webp&w=1080&q=75 1080w, /_next/image?url=%2Fslide_1.webp&w=1200&q=75 1200w, /_next/image?url=%2Fslide_1.webp&w=1920&q=75 1920w, /_next/image?url=%2Fslide_1.webp&w=2048&q=75 2048w, /_next/image?url=%2Fslide_1.webp&w=3840&q=75 3840w"
              style="position: absolute; height: 100%; width: 100%; left: 0px; top: 0px; right: 0px; bottom: 0px; color: transparent;"
            />
          </div>
        </div>
        <div
          aria-hidden="true"
          class="flex items-center gap-10 sm:gap-14 md:gap-16 whitespace-nowrap will-change-transform animate-[marquee-rtl_28s_linear_infinite]"
        >
          <div
            class="relative scale-75 h-8 sm:h-10 md:h-12 w-[110px] sm:w-[140px] md:w-[160px] opacity-80 transition-opacity hover:opacity-100 undefined"
          >
            <img
              alt="brand-1"
              class="object-contain"
              data-nimg="fill"
              decoding="async"
              loading="lazy"
              sizes="(max-width: 640px) 110px, (max-width: 768px) 140px, 160px"
              src="/_next/image?url=%2Fslide_1.webp&w=3840&q=75"
              srcset="/_next/image?url=%2Fslide_1.webp&w=16&q=75 16w, /_next/image?url=%2Fslide_1.webp&w=32&q=75 32w, /_next/image?url=%2Fslide_1.webp&w=48&q=75 48w, /_next/image?url=%2Fslide_1.webp&w=64&q=75 64w, /_next/image?url=%2Fslide_1.webp&w=96&q=75 96w, /_next/image?url=%2Fslide_1.webp&w=128&q=75 128w, /_next/image?url=%2Fslide_1.webp&w=256&q=75 256w, /_next/image?url=%2Fslide_1.webp&w=384&q=75 384w, /_next/image?url=%2Fslide_1.webp&w=640&q=75 640w, /_next/image?url=%2Fslide_1.webp&w=750&q=75 750w, /_next/image?url=%2Fslide_1.webp&w=828&q=75 828w, /_next/image?url=%2Fslide_1.webp&w=1080&q=75 1080w, /_next/image?url=%2Fslide_1.webp&w=1200&q=75 1200w, /_next/image?url=%2Fslide_1.webp&w=1920&q=75 1920w, /_next/image?url=%2Fslide_1.webp&w=2048&q=75 2048w, /_next/image?url=%2Fslide_1.webp&w=3840&q=75 3840w"
              style="position: absolute; height: 100%; width: 100%; left: 0px; top: 0px; right: 0px; bottom: 0px; color: transparent;"
            />
          </div>
          <div
            class="relative scale-75 h-8 sm:h-10 md:h-12 w-[110px] sm:w-[140px] md:w-[160px] opacity-80 transition-opacity hover:opacity-100 undefined"
          >
            <img
              alt="brand-2"
              class="object-contain"
              data-nimg="fill"
              decoding="async"
              loading="lazy"
              sizes="(max-width: 640px) 110px, (max-width: 768px) 140px, 160px"
              src="/_next/image?url=%2Fslide_2.png&w=3840&q=75"
              srcset="/_next/image?url=%2Fslide_2.png&w=16&q=75 16w, /_next/image?url=%2Fslide_2.png&w=32&q=75 32w, /_next/image?url=%2Fslide_2.png&w=48&q=75 48w, /_next/image?url=%2Fslide_2.png&w=64&q=75 64w, /_next/image?url=%2Fslide_2.png&w=96&q=75 96w, /_next/image?url=%2Fslide_2.png&w=128&q=75 128w, /_next/image?url=%2Fslide_2.png&w=256&q=75 256w, /_next/image?url=%2Fslide_2.png&w=384&q=75 384w, /_next/image?url=%2Fslide_2.png&w=640&q=75 640w, /_next/image?url=%2Fslide_2.png&w=750&q=75 750w, /_next/image?url=%2Fslide_2.png&w=828&q=75 828w, /_next/image?url=%2Fslide_2.png&w=1080&q=75 1080w, /_next/image?url=%2Fslide_2.png&w=1200&q=75 1200w, /_next/image?url=%2Fslide_2.png&w=1920&q=75 1920w, /_next/image?url=%2Fslide_2.png&w=2048&q=75 2048w, /_next/image?url=%2Fslide_2.png&w=3840&q=75 3840w"
              style="position: absolute; height: 100%; width: 100%; left: 0px; top: 0px; right: 0px; bottom: 0px; color: transparent;"
            />
          </div>
          <div
            class="relative scale-75 h-8 sm:h-10 md:h-12 w-[110px] sm:w-[140px] md:w-[160px] opacity-80 transition-opacity hover:opacity-100 undefined"
          >
            <img
              alt="brand-3"
              class="object-contain"
              data-nimg="fill"
              decoding="async"
              loading="lazy"
              sizes="(max-width: 640px) 110px, (max-width: 768px) 140px, 160px"
              src="/_next/image?url=%2Fslide_1.webp&w=3840&q=75"
              srcset="/_next/image?url=%2Fslide_1.webp&w=16&q=75 16w, /_next/image?url=%2Fslide_1.webp&w=32&q=75 32w, /_next/image?url=%2Fslide_1.webp&w=48&q=75 48w, /_next/image?url=%2Fslide_1.webp&w=64&q=75 64w, /_next/image?url=%2Fslide_1.webp&w=96&q=75 96w, /_next/image?url=%2Fslide_1.webp&w=128&q=75 128w, /_next/image?url=%2Fslide_1.webp&w=256&q=75 256w, /_next/image?url=%2Fslide_1.webp&w=384&q=75 384w, /_next/image?url=%2Fslide_1.webp&w=640&q=75 640w, /_next/image?url=%2Fslide_1.webp&w=750&q=75 750w, /_next/image?url=%2Fslide_1.webp&w=828&q=75 828w, /_next/image?url=%2Fslide_1.webp&w=1080&q=75 1080w, /_next/image?url=%2Fslide_1.webp&w=1200&q=75 1200w, /_next/image?url=%2Fslide_1.webp&w=1920&q=75 1920w, /_next/image?url=%2Fslide_1.webp&w=2048&q=75 2048w, /_next/image?url=%2Fslide_1.webp&w=3840&q=75 3840w"
              style="position: absolute; height: 100%; width: 100%; left: 0px; top: 0px; right: 0px; bottom: 0px; color: transparent;"
            />
          </div>
          <div
            class="relative scale-75 h-8 sm:h-10 md:h-12 w-[110px] sm:w-[140px] md:w-[160px] opacity-80 transition-opacity hover:opacity-100 undefined"
          >
            <img
              alt="brand-4"
              class="object-contain"
              data-nimg="fill"
              decoding="async"
              loading="lazy"
              sizes="(max-width: 640px) 110px, (max-width: 768px) 140px, 160px"
              src="/_next/image?url=%2Fslide_1.webp&w=3840&q=75"
              srcset="/_next/image?url=%2Fslide_1.webp&w=16&q=75 16w, /_next/image?url=%2Fslide_1.webp&w=32&q=75 32w, /_next/image?url=%2Fslide_1.webp&w=48&q=75 48w, /_next/image?url=%2Fslide_1.webp&w=64&q=75 64w, /_next/image?url=%2Fslide_1.webp&w=96&q=75 96w, /_next/image?url=%2Fslide_1.webp&w=128&q=75 128w, /_next/image?url=%2Fslide_1.webp&w=256&q=75 256w, /_next/image?url=%2Fslide_1.webp&w=384&q=75 384w, /_next/image?url=%2Fslide_1.webp&w=640&q=75 640w, /_next/image?url=%2Fslide_1.webp&w=750&q=75 750w, /_next/image?url=%2Fslide_1.webp&w=828&q=75 828w, /_next/image?url=%2Fslide_1.webp&w=1080&q=75 1080w, /_next/image?url=%2Fslide_1.webp&w=1200&q=75 1200w, /_next/image?url=%2Fslide_1.webp&w=1920&q=75 1920w, /_next/image?url=%2Fslide_1.webp&w=2048&q=75 2048w, /_next/image?url=%2Fslide_1.webp&w=3840&q=75 3840w"
              style="position: absolute; height: 100%; width: 100%; left: 0px; top: 0px; right: 0px; bottom: 0px; color: transparent;"
            />
          </div>
          <div
            class="relative scale-75 h-8 sm:h-10 md:h-12 w-[110px] sm:w-[140px] md:w-[160px] opacity-80 transition-opacity hover:opacity-100 undefined"
          >
            <img
              alt="brand-5"
              class="object-contain"
              data-nimg="fill"
              decoding="async"
              loading="lazy"
              sizes="(max-width: 640px) 110px, (max-width: 768px) 140px, 160px"
              src="/_next/image?url=%2Fslide_1.webp&w=3840&q=75"
              srcset="/_next/image?url=%2Fslide_1.webp&w=16&q=75 16w, /_next/image?url=%2Fslide_1.webp&w=32&q=75 32w, /_next/image?url=%2Fslide_1.webp&w=48&q=75 48w, /_next/image?url=%2Fslide_1.webp&w=64&q=75 64w, /_next/image?url=%2Fslide_1.webp&w=96&q=75 96w, /_next/image?url=%2Fslide_1.webp&w=128&q=75 128w, /_next/image?url=%2Fslide_1.webp&w=256&q=75 256w, /_next/image?url=%2Fslide_1.webp&w=384&q=75 384w, /_next/image?url=%2Fslide_1.webp&w=640&q=75 640w, /_next/image?url=%2Fslide_1.webp&w=750&q=75 750w, /_next/image?url=%2Fslide_1.webp&w=828&q=75 828w, /_next/image?url=%2Fslide_1.webp&w=1080&q=75 1080w, /_next/image?url=%2Fslide_1.webp&w=1200&q=75 1200w, /_next/image?url=%2Fslide_1.webp&w=1920&q=75 1920w, /_next/image?url=%2Fslide_1.webp&w=2048&q=75 2048w, /_next/image?url=%2Fslide_1.webp&w=3840&q=75 3840w"
              style="position: absolute; height: 100%; width: 100%; left: 0px; top: 0px; right: 0px; bottom: 0px; color: transparent;"
            />
          </div>
          <div
            class="relative scale-75 h-8 sm:h-10 md:h-12 w-[110px] sm:w-[140px] md:w-[160px] opacity-80 transition-opacity hover:opacity-100 undefined"
          >
            <img
              alt="brand-6"
              class="object-contain"
              data-nimg="fill"
              decoding="async"
              loading="lazy"
              sizes="(max-width: 640px) 110px, (max-width: 768px) 140px, 160px"
              src="/_next/image?url=%2Fslide_1.webp&w=3840&q=75"
              srcset="/_next/image?url=%2Fslide_1.webp&w=16&q=75 16w, /_next/image?url=%2Fslide_1.webp&w=32&q=75 32w, /_next/image?url=%2Fslide_1.webp&w=48&q=75 48w, /_next/image?url=%2Fslide_1.webp&w=64&q=75 64w, /_next/image?url=%2Fslide_1.webp&w=96&q=75 96w, /_next/image?url=%2Fslide_1.webp&w=128&q=75 128w, /_next/image?url=%2Fslide_1.webp&w=256&q=75 256w, /_next/image?url=%2Fslide_1.webp&w=384&q=75 384w, /_next/image?url=%2Fslide_1.webp&w=640&q=75 640w, /_next/image?url=%2Fslide_1.webp&w=750&q=75 750w, /_next/image?url=%2Fslide_1.webp&w=828&q=75 828w, /_next/image?url=%2Fslide_1.webp&w=1080&q=75 1080w, /_next/image?url=%2Fslide_1.webp&w=1200&q=75 1200w, /_next/image?url=%2Fslide_1.webp&w=1920&q=75 1920w, /_next/image?url=%2Fslide_1.webp&w=2048&q=75 2048w, /_next/image?url=%2Fslide_1.webp&w=3840&q=75 3840w"
              style="position: absolute; height: 100%; width: 100%; left: 0px; top: 0px; right: 0px; bottom: 0px; color: transparent;"
            />
          </div>
          <div
            class="relative scale-75 h-8 sm:h-10 md:h-12 w-[110px] sm:w-[140px] md:w-[160px] opacity-80 transition-opacity hover:opacity-100 undefined"
          >
            <img
              alt="brand-7"
              class="object-contain"
              data-nimg="fill"
              decoding="async"
              loading="lazy"
              sizes="(max-width: 640px) 110px, (max-width: 768px) 140px, 160px"
              src="/_next/image?url=%2Fslide_1.webp&w=3840&q=75"
              srcset="/_next/image?url=%2Fslide_1.webp&w=16&q=75 16w, /_next/image?url=%2Fslide_1.webp&w=32&q=75 32w, /_next/image?url=%2Fslide_1.webp&w=48&q=75 48w, /_next/image?url=%2Fslide_1.webp&w=64&q=75 64w, /_next/image?url=%2Fslide_1.webp&w=96&q=75 96w, /_next/image?url=%2Fslide_1.webp&w=128&q=75 128w, /_next/image?url=%2Fslide_1.webp&w=256&q=75 256w, /_next/image?url=%2Fslide_1.webp&w=384&q=75 384w, /_next/image?url=%2Fslide_1.webp&w=640&q=75 640w, /_next/image?url=%2Fslide_1.webp&w=750&q=75 750w, /_next/image?url=%2Fslide_1.webp&w=828&q=75 828w, /_next/image?url=%2Fslide_1.webp&w=1080&q=75 1080w, /_next/image?url=%2Fslide_1.webp&w=1200&q=75 1200w, /_next/image?url=%2Fslide_1.webp&w=1920&q=75 1920w, /_next/image?url=%2Fslide_1.webp&w=2048&q=75 2048w, /_next/image?url=%2Fslide_1.webp&w=3840&q=75 3840w"
              style="position: absolute; height: 100%; width: 100%; left: 0px; top: 0px; right: 0px; bottom: 0px; color: transparent;"
            />
          </div>
          <div
            class="relative scale-75 h-8 sm:h-10 md:h-12 w-[110px] sm:w-[140px] md:w-[160px] opacity-80 transition-opacity hover:opacity-100 undefined"
          >
            <img
              alt="brand-8"
              class="object-contain"
              data-nimg="fill"
              decoding="async"
              loading="lazy"
              sizes="(max-width: 640px) 110px, (max-width: 768px) 140px, 160px"
              src="/_next/image?url=%2Fslide_1.webp&w=3840&q=75"
              srcset="/_next/image?url=%2Fslide_1.webp&w=16&q=75 16w, /_next/image?url=%2Fslide_1.webp&w=32&q=75 32w, /_next/image?url=%2Fslide_1.webp&w=48&q=75 48w, /_next/image?url=%2Fslide_1.webp&w=64&q=75 64w, /_next/image?url=%2Fslide_1.webp&w=96&q=75 96w, /_next/image?url=%2Fslide_1.webp&w=128&q=75 128w, /_next/image?url=%2Fslide_1.webp&w=256&q=75 256w, /_next/image?url=%2Fslide_1.webp&w=384&q=75 384w, /_next/image?url=%2Fslide_1.webp&w=640&q=75 640w, /_next/image?url=%2Fslide_1.webp&w=750&q=75 750w, /_next/image?url=%2Fslide_1.webp&w=828&q=75 828w, /_next/image?url=%2Fslide_1.webp&w=1080&q=75 1080w, /_next/image?url=%2Fslide_1.webp&w=1200&q=75 1200w, /_next/image?url=%2Fslide_1.webp&w=1920&q=75 1920w, /_next/image?url=%2Fslide_1.webp&w=2048&q=75 2048w, /_next/image?url=%2Fslide_1.webp&w=3840&q=75 3840w"
              style="position: absolute; height: 100%; width: 100%; left: 0px; top: 0px; right: 0px; bottom: 0px; color: transparent;"
            />
          </div>
        </div>
      </div>
    </div>
  </div>
</div>
`;
